// Jest Snapshot v1, https://goo.gl/fbAQLP

exports[`info page renders correctly 1`] = `
<div
  className="info-container"
/>
`;
